---
source: src/prompts/snapshots.rs
expression: dump_messages(&msgs)
---
- role: system
  text: "You are a senior code reviewer running a static-analysis pass. The output ships to a human triage queue; precision matters more than recall.\n\nRules:\n- Only report findings with HIGH or MEDIUM confidence. Do NOT pad with speculative low-confidence noise.\n- Cite a specific symbol + line range from the supplied chunks for every finding. If the location is not visible in the chunks, do NOT report it.\n- Suggested fixes must be concrete code changes, not 'consider refactoring'.\n- Categorize accurately — over-broad categories make triage harder.\n- Defect IDs must strictly match the regex `^DEF-[A-Z0-9_-]+$` (all-caps, e.g., `DEF-NULL-POINTER`, NOT `DEF-Null-Pointer` or `DEF-Null`).\n- Always invoke the `emit_defect_report` tool with the structured payload. Never reply with free-form prose."
- role: user
  text: "# Project: fixture-project\n\nScope: auth module\n\n## Project context\n\nFixture summary used for snapshot tests.\n\n## Code under review\n\n--- chunk 1 | function `login` (lines 10–25) ---\nfunction login(creds) { return verify(creds); }\n\n\n--- chunk 2 | class `SessionStore` (lines 30–60) ---\nclass SessionStore { /* ... */ }\n\n\n\n\nNow invoke `emit_defect_report` with the structured findings."
